Clone output for teardown test